------------------------------------------
Processing: SRR33343142
------------------------------------------
null
null
Started analysis of SRR33343142_1.fastq
Started analysis of SRR33343142_2.fastq
Approx 5% complete for SRR33343142_1.fastq
Approx 5% complete for SRR33343142_2.fastq
Approx 10% complete for SRR33343142_1.fastq
Approx 10% complete for SRR33343142_2.fastq
Approx 15% complete for SRR33343142_1.fastq
Approx 15% complete for SRR33343142_2.fastq
Approx 20% complete for SRR33343142_1.fastq
Approx 20% complete for SRR33343142_2.fastq
Approx 25% complete for SRR33343142_1.fastq
Approx 25% complete for SRR33343142_2.fastq
Approx 30% complete for SRR33343142_1.fastq
Approx 30% complete for SRR33343142_2.fastq
Approx 35% complete for SRR33343142_1.fastq
Approx 35% complete for SRR33343142_2.fastq
Approx 40% complete for SRR33343142_1.fastq
Approx 40% complete for SRR33343142_2.fastq
Approx 45% complete for SRR33343142_1.fastq
Approx 45% complete for SRR33343142_2.fastq
Approx 50% complete for SRR33343142_1.fastq
Approx 50% complete for SRR33343142_2.fastq
Approx 55% complete for SRR33343142_1.fastq
Approx 55% complete for SRR33343142_2.fastq
Approx 60% complete for SRR33343142_1.fastq
Approx 60% complete for SRR33343142_2.fastq
Approx 65% complete for SRR33343142_1.fastq
Approx 65% complete for SRR33343142_2.fastq
Approx 70% complete for SRR33343142_1.fastq
Approx 70% complete for SRR33343142_2.fastq
Approx 75% complete for SRR33343142_1.fastq
Approx 75% complete for SRR33343142_2.fastq
Approx 80% complete for SRR33343142_1.fastq
Approx 80% complete for SRR33343142_2.fastq
Approx 85% complete for SRR33343142_1.fastq
Approx 85% complete for SRR33343142_2.fastq
Approx 90% complete for SRR33343142_1.fastq
Approx 90% complete for SRR33343142_2.fastq
Approx 95% complete for SRR33343142_1.fastq
Approx 95% complete for SRR33343142_2.fastq
Analysis complete for SRR33343142_1.fastq
Analysis complete for SRR33343142_2.fastq
application/gzip
application/gzip
Started analysis of SRR33343142_1_paired.fastq.gz
Started analysis of SRR33343142_2_paired.fastq.gz
Approx 5% complete for SRR33343142_1_paired.fastq.gz
Approx 5% complete for SRR33343142_2_paired.fastq.gz
Approx 10% complete for SRR33343142_1_paired.fastq.gz
Approx 10% complete for SRR33343142_2_paired.fastq.gz
Approx 15% complete for SRR33343142_1_paired.fastq.gz
Approx 15% complete for SRR33343142_2_paired.fastq.gz
Approx 20% complete for SRR33343142_1_paired.fastq.gz
Approx 20% complete for SRR33343142_2_paired.fastq.gz
Approx 25% complete for SRR33343142_1_paired.fastq.gz
Approx 25% complete for SRR33343142_2_paired.fastq.gz
Approx 30% complete for SRR33343142_1_paired.fastq.gz
Approx 30% complete for SRR33343142_2_paired.fastq.gz
Approx 35% complete for SRR33343142_1_paired.fastq.gz
Approx 35% complete for SRR33343142_2_paired.fastq.gz
Approx 40% complete for SRR33343142_1_paired.fastq.gz
Approx 40% complete for SRR33343142_2_paired.fastq.gz
Approx 45% complete for SRR33343142_1_paired.fastq.gz
Approx 45% complete for SRR33343142_2_paired.fastq.gz
Approx 50% complete for SRR33343142_1_paired.fastq.gz
Approx 50% complete for SRR33343142_2_paired.fastq.gz
Approx 55% complete for SRR33343142_1_paired.fastq.gz
Approx 55% complete for SRR33343142_2_paired.fastq.gz
Approx 60% complete for SRR33343142_1_paired.fastq.gz
Approx 60% complete for SRR33343142_2_paired.fastq.gz
Approx 65% complete for SRR33343142_1_paired.fastq.gz
Approx 65% complete for SRR33343142_2_paired.fastq.gz
Approx 70% complete for SRR33343142_1_paired.fastq.gz
Approx 70% complete for SRR33343142_2_paired.fastq.gz
Approx 75% complete for SRR33343142_1_paired.fastq.gz
Approx 75% complete for SRR33343142_2_paired.fastq.gz
Approx 80% complete for SRR33343142_1_paired.fastq.gz
Approx 80% complete for SRR33343142_2_paired.fastq.gz
Approx 85% complete for SRR33343142_2_paired.fastq.gz
Approx 85% complete for SRR33343142_1_paired.fastq.gz
Approx 90% complete for SRR33343142_2_paired.fastq.gz
Approx 90% complete for SRR33343142_1_paired.fastq.gz
Approx 95% complete for SRR33343142_2_paired.fastq.gz
Approx 95% complete for SRR33343142_1_paired.fastq.gz
Analysis complete for SRR33343142_1_paired.fastq.gz
Analysis complete for SRR33343142_2_paired.fastq.gz
------------------------------------------
Processing: SRR33343272
------------------------------------------
null
null
Started analysis of SRR33343272_1.fastq
Started analysis of SRR33343272_2.fastq
Approx 5% complete for SRR33343272_1.fastq
Approx 5% complete for SRR33343272_2.fastq
Approx 10% complete for SRR33343272_1.fastq
Approx 10% complete for SRR33343272_2.fastq
Approx 15% complete for SRR33343272_1.fastq
Approx 15% complete for SRR33343272_2.fastq
Approx 20% complete for SRR33343272_1.fastq
Approx 20% complete for SRR33343272_2.fastq
Approx 25% complete for SRR33343272_1.fastq
Approx 25% complete for SRR33343272_2.fastq
Approx 30% complete for SRR33343272_1.fastq
Approx 30% complete for SRR33343272_2.fastq
Approx 35% complete for SRR33343272_1.fastq
Approx 35% complete for SRR33343272_2.fastq
Approx 40% complete for SRR33343272_1.fastq
Approx 40% complete for SRR33343272_2.fastq
Approx 45% complete for SRR33343272_1.fastq
Approx 45% complete for SRR33343272_2.fastq
Approx 50% complete for SRR33343272_1.fastq
Approx 50% complete for SRR33343272_2.fastq
Approx 55% complete for SRR33343272_1.fastq
Approx 55% complete for SRR33343272_2.fastq
Approx 60% complete for SRR33343272_1.fastq
Approx 60% complete for SRR33343272_2.fastq
Approx 65% complete for SRR33343272_1.fastq
Approx 65% complete for SRR33343272_2.fastq
Approx 70% complete for SRR33343272_1.fastq
Approx 70% complete for SRR33343272_2.fastq
Approx 75% complete for SRR33343272_1.fastq
Approx 75% complete for SRR33343272_2.fastq
Approx 80% complete for SRR33343272_1.fastq
Approx 80% complete for SRR33343272_2.fastq
Approx 85% complete for SRR33343272_1.fastq
Approx 85% complete for SRR33343272_2.fastq
Approx 90% complete for SRR33343272_1.fastq
Approx 90% complete for SRR33343272_2.fastq
Approx 95% complete for SRR33343272_1.fastq
Approx 95% complete for SRR33343272_2.fastq
Analysis complete for SRR33343272_1.fastq
Analysis complete for SRR33343272_2.fastq
application/gzip
application/gzip
Started analysis of SRR33343272_1_paired.fastq.gz
Started analysis of SRR33343272_2_paired.fastq.gz
Approx 5% complete for SRR33343272_1_paired.fastq.gz
Approx 5% complete for SRR33343272_2_paired.fastq.gz
Approx 10% complete for SRR33343272_1_paired.fastq.gz
Approx 10% complete for SRR33343272_2_paired.fastq.gz
Approx 15% complete for SRR33343272_1_paired.fastq.gz
Approx 15% complete for SRR33343272_2_paired.fastq.gz
Approx 20% complete for SRR33343272_1_paired.fastq.gz
Approx 20% complete for SRR33343272_2_paired.fastq.gz
Approx 25% complete for SRR33343272_1_paired.fastq.gz
Approx 25% complete for SRR33343272_2_paired.fastq.gz
Approx 30% complete for SRR33343272_1_paired.fastq.gz
Approx 30% complete for SRR33343272_2_paired.fastq.gz
Approx 35% complete for SRR33343272_1_paired.fastq.gz
Approx 35% complete for SRR33343272_2_paired.fastq.gz
Approx 40% complete for SRR33343272_1_paired.fastq.gz
Approx 40% complete for SRR33343272_2_paired.fastq.gz
Approx 45% complete for SRR33343272_1_paired.fastq.gz
Approx 45% complete for SRR33343272_2_paired.fastq.gz
Approx 50% complete for SRR33343272_1_paired.fastq.gz
Approx 50% complete for SRR33343272_2_paired.fastq.gz
Approx 55% complete for SRR33343272_1_paired.fastq.gz
Approx 55% complete for SRR33343272_2_paired.fastq.gz
Approx 60% complete for SRR33343272_1_paired.fastq.gz
Approx 60% complete for SRR33343272_2_paired.fastq.gz
Approx 65% complete for SRR33343272_1_paired.fastq.gz
Approx 65% complete for SRR33343272_2_paired.fastq.gz
Approx 70% complete for SRR33343272_1_paired.fastq.gz
Approx 70% complete for SRR33343272_2_paired.fastq.gz
Approx 75% complete for SRR33343272_1_paired.fastq.gz
Approx 75% complete for SRR33343272_2_paired.fastq.gz
Approx 80% complete for SRR33343272_1_paired.fastq.gz
Approx 80% complete for SRR33343272_2_paired.fastq.gz
Approx 85% complete for SRR33343272_1_paired.fastq.gz
Approx 85% complete for SRR33343272_2_paired.fastq.gz
Approx 90% complete for SRR33343272_1_paired.fastq.gz
Approx 90% complete for SRR33343272_2_paired.fastq.gz
Approx 95% complete for SRR33343272_1_paired.fastq.gz
Approx 95% complete for SRR33343272_2_paired.fastq.gz
Analysis complete for SRR33343272_1_paired.fastq.gz
Analysis complete for SRR33343272_2_paired.fastq.gz
------------------------------------------
Processing: SRR33343123
------------------------------------------
null
null
Started analysis of SRR33343123_1.fastq
Started analysis of SRR33343123_2.fastq
Approx 5% complete for SRR33343123_1.fastq
Approx 5% complete for SRR33343123_2.fastq
Approx 10% complete for SRR33343123_1.fastq
Approx 10% complete for SRR33343123_2.fastq
Approx 15% complete for SRR33343123_1.fastq
Approx 15% complete for SRR33343123_2.fastq
Approx 20% complete for SRR33343123_1.fastq
Approx 20% complete for SRR33343123_2.fastq
Approx 25% complete for SRR33343123_1.fastq
Approx 25% complete for SRR33343123_2.fastq
Approx 30% complete for SRR33343123_1.fastq
Approx 30% complete for SRR33343123_2.fastq
Approx 35% complete for SRR33343123_1.fastq
Approx 35% complete for SRR33343123_2.fastq
Approx 40% complete for SRR33343123_1.fastq
Approx 40% complete for SRR33343123_2.fastq
Approx 45% complete for SRR33343123_1.fastq
Approx 45% complete for SRR33343123_2.fastq
Approx 50% complete for SRR33343123_1.fastq
Approx 50% complete for SRR33343123_2.fastq
Approx 55% complete for SRR33343123_1.fastq
Approx 55% complete for SRR33343123_2.fastq
Approx 60% complete for SRR33343123_1.fastq
Approx 60% complete for SRR33343123_2.fastq
Approx 65% complete for SRR33343123_1.fastq
Approx 65% complete for SRR33343123_2.fastq
Approx 70% complete for SRR33343123_1.fastq
Approx 70% complete for SRR33343123_2.fastq
Approx 75% complete for SRR33343123_1.fastq
Approx 75% complete for SRR33343123_2.fastq
Approx 80% complete for SRR33343123_1.fastq
Approx 80% complete for SRR33343123_2.fastq
Approx 85% complete for SRR33343123_1.fastq
Approx 85% complete for SRR33343123_2.fastq
Approx 90% complete for SRR33343123_1.fastq
Approx 90% complete for SRR33343123_2.fastq
Approx 95% complete for SRR33343123_1.fastq
Approx 95% complete for SRR33343123_2.fastq
Analysis complete for SRR33343123_1.fastq
Analysis complete for SRR33343123_2.fastq
application/gzip
application/gzip
Started analysis of SRR33343123_1_paired.fastq.gz
Started analysis of SRR33343123_2_paired.fastq.gz
Approx 5% complete for SRR33343123_1_paired.fastq.gz
Approx 5% complete for SRR33343123_2_paired.fastq.gz
Approx 10% complete for SRR33343123_1_paired.fastq.gz
Approx 10% complete for SRR33343123_2_paired.fastq.gz
Approx 15% complete for SRR33343123_1_paired.fastq.gz
Approx 15% complete for SRR33343123_2_paired.fastq.gz
Approx 20% complete for SRR33343123_1_paired.fastq.gz
Approx 20% complete for SRR33343123_2_paired.fastq.gz
Approx 25% complete for SRR33343123_1_paired.fastq.gz
Approx 25% complete for SRR33343123_2_paired.fastq.gz
Approx 30% complete for SRR33343123_1_paired.fastq.gz
Approx 30% complete for SRR33343123_2_paired.fastq.gz
Approx 35% complete for SRR33343123_1_paired.fastq.gz
Approx 35% complete for SRR33343123_2_paired.fastq.gz
Approx 40% complete for SRR33343123_1_paired.fastq.gz
Approx 40% complete for SRR33343123_2_paired.fastq.gz
Approx 45% complete for SRR33343123_1_paired.fastq.gz
Approx 45% complete for SRR33343123_2_paired.fastq.gz
Approx 50% complete for SRR33343123_1_paired.fastq.gz
Approx 50% complete for SRR33343123_2_paired.fastq.gz
Approx 55% complete for SRR33343123_1_paired.fastq.gz
Approx 55% complete for SRR33343123_2_paired.fastq.gz
Approx 60% complete for SRR33343123_1_paired.fastq.gz
Approx 60% complete for SRR33343123_2_paired.fastq.gz
Approx 65% complete for SRR33343123_1_paired.fastq.gz
Approx 65% complete for SRR33343123_2_paired.fastq.gz
Approx 70% complete for SRR33343123_1_paired.fastq.gz
Approx 70% complete for SRR33343123_2_paired.fastq.gz
Approx 75% complete for SRR33343123_1_paired.fastq.gz
Approx 75% complete for SRR33343123_2_paired.fastq.gz
Approx 80% complete for SRR33343123_1_paired.fastq.gz
Approx 80% complete for SRR33343123_2_paired.fastq.gz
Approx 85% complete for SRR33343123_1_paired.fastq.gz
Approx 85% complete for SRR33343123_2_paired.fastq.gz
Approx 90% complete for SRR33343123_1_paired.fastq.gz
Approx 90% complete for SRR33343123_2_paired.fastq.gz
Approx 95% complete for SRR33343123_1_paired.fastq.gz
Approx 95% complete for SRR33343123_2_paired.fastq.gz
Analysis complete for SRR33343123_1_paired.fastq.gz
Analysis complete for SRR33343123_2_paired.fastq.gz
------------------------------------------
Processing: SRR33343286
------------------------------------------
null
null
Started analysis of SRR33343286_1.fastq
Started analysis of SRR33343286_2.fastq
Approx 5% complete for SRR33343286_1.fastq
Approx 5% complete for SRR33343286_2.fastq
Approx 10% complete for SRR33343286_1.fastq
Approx 10% complete for SRR33343286_2.fastq
Approx 15% complete for SRR33343286_1.fastq
Approx 15% complete for SRR33343286_2.fastq
Approx 20% complete for SRR33343286_1.fastq
Approx 20% complete for SRR33343286_2.fastq
Approx 25% complete for SRR33343286_1.fastq
Approx 25% complete for SRR33343286_2.fastq
Approx 30% complete for SRR33343286_1.fastq
Approx 30% complete for SRR33343286_2.fastq
Approx 35% complete for SRR33343286_1.fastq
Approx 35% complete for SRR33343286_2.fastq
Approx 40% complete for SRR33343286_1.fastq
Approx 40% complete for SRR33343286_2.fastq
Approx 45% complete for SRR33343286_1.fastq
Approx 45% complete for SRR33343286_2.fastq
Approx 50% complete for SRR33343286_1.fastq
Approx 50% complete for SRR33343286_2.fastq
Approx 55% complete for SRR33343286_1.fastq
Approx 55% complete for SRR33343286_2.fastq
Approx 60% complete for SRR33343286_1.fastq
Approx 60% complete for SRR33343286_2.fastq
Approx 65% complete for SRR33343286_1.fastq
Approx 65% complete for SRR33343286_2.fastq
Approx 70% complete for SRR33343286_1.fastq
Approx 70% complete for SRR33343286_2.fastq
Approx 75% complete for SRR33343286_1.fastq
Approx 75% complete for SRR33343286_2.fastq
Approx 80% complete for SRR33343286_1.fastq
Approx 80% complete for SRR33343286_2.fastq
Approx 85% complete for SRR33343286_1.fastq
Approx 85% complete for SRR33343286_2.fastq
Approx 90% complete for SRR33343286_1.fastq
Approx 90% complete for SRR33343286_2.fastq
Approx 95% complete for SRR33343286_1.fastq
Approx 95% complete for SRR33343286_2.fastq
Analysis complete for SRR33343286_1.fastq
Analysis complete for SRR33343286_2.fastq
application/gzip
application/gzip
Started analysis of SRR33343286_1_paired.fastq.gz
Started analysis of SRR33343286_2_paired.fastq.gz
Approx 5% complete for SRR33343286_1_paired.fastq.gz
Approx 5% complete for SRR33343286_2_paired.fastq.gz
Approx 10% complete for SRR33343286_1_paired.fastq.gz
Approx 10% complete for SRR33343286_2_paired.fastq.gz
Approx 15% complete for SRR33343286_1_paired.fastq.gz
Approx 15% complete for SRR33343286_2_paired.fastq.gz
Approx 20% complete for SRR33343286_1_paired.fastq.gz
Approx 20% complete for SRR33343286_2_paired.fastq.gz
Approx 25% complete for SRR33343286_1_paired.fastq.gz
Approx 25% complete for SRR33343286_2_paired.fastq.gz
Approx 30% complete for SRR33343286_1_paired.fastq.gz
Approx 30% complete for SRR33343286_2_paired.fastq.gz
Approx 35% complete for SRR33343286_1_paired.fastq.gz
Approx 35% complete for SRR33343286_2_paired.fastq.gz
Approx 40% complete for SRR33343286_1_paired.fastq.gz
Approx 40% complete for SRR33343286_2_paired.fastq.gz
Approx 45% complete for SRR33343286_1_paired.fastq.gz
Approx 45% complete for SRR33343286_2_paired.fastq.gz
Approx 50% complete for SRR33343286_1_paired.fastq.gz
Approx 50% complete for SRR33343286_2_paired.fastq.gz
Approx 55% complete for SRR33343286_1_paired.fastq.gz
Approx 55% complete for SRR33343286_2_paired.fastq.gz
Approx 60% complete for SRR33343286_1_paired.fastq.gz
Approx 60% complete for SRR33343286_2_paired.fastq.gz
Approx 65% complete for SRR33343286_1_paired.fastq.gz
Approx 65% complete for SRR33343286_2_paired.fastq.gz
Approx 70% complete for SRR33343286_1_paired.fastq.gz
Approx 70% complete for SRR33343286_2_paired.fastq.gz
Approx 75% complete for SRR33343286_1_paired.fastq.gz
Approx 75% complete for SRR33343286_2_paired.fastq.gz
Approx 80% complete for SRR33343286_1_paired.fastq.gz
Approx 80% complete for SRR33343286_2_paired.fastq.gz
Approx 85% complete for SRR33343286_1_paired.fastq.gz
Approx 85% complete for SRR33343286_2_paired.fastq.gz
Approx 90% complete for SRR33343286_1_paired.fastq.gz
Approx 90% complete for SRR33343286_2_paired.fastq.gz
Approx 95% complete for SRR33343286_1_paired.fastq.gz
Approx 95% complete for SRR33343286_2_paired.fastq.gz
Analysis complete for SRR33343286_1_paired.fastq.gz
Analysis complete for SRR33343286_2_paired.fastq.gz
------------------------------------------
Processing: SRR33343288
------------------------------------------
null
null
Started analysis of SRR33343288_1.fastq
Started analysis of SRR33343288_2.fastq
Approx 5% complete for SRR33343288_1.fastq
Approx 5% complete for SRR33343288_2.fastq
Approx 10% complete for SRR33343288_1.fastq
Approx 10% complete for SRR33343288_2.fastq
Approx 15% complete for SRR33343288_1.fastq
Approx 15% complete for SRR33343288_2.fastq
Approx 20% complete for SRR33343288_1.fastq
Approx 20% complete for SRR33343288_2.fastq
Approx 25% complete for SRR33343288_1.fastq
Approx 25% complete for SRR33343288_2.fastq
Approx 30% complete for SRR33343288_1.fastq
Approx 30% complete for SRR33343288_2.fastq
Approx 35% complete for SRR33343288_1.fastq
Approx 35% complete for SRR33343288_2.fastq
Approx 40% complete for SRR33343288_1.fastq
Approx 40% complete for SRR33343288_2.fastq
Approx 45% complete for SRR33343288_1.fastq
Approx 45% complete for SRR33343288_2.fastq
Approx 50% complete for SRR33343288_1.fastq
Approx 50% complete for SRR33343288_2.fastq
Approx 55% complete for SRR33343288_1.fastq
Approx 55% complete for SRR33343288_2.fastq
Approx 60% complete for SRR33343288_1.fastq
Approx 60% complete for SRR33343288_2.fastq
Approx 65% complete for SRR33343288_1.fastq
Approx 65% complete for SRR33343288_2.fastq
Approx 70% complete for SRR33343288_1.fastq
Approx 70% complete for SRR33343288_2.fastq
Approx 75% complete for SRR33343288_1.fastq
Approx 75% complete for SRR33343288_2.fastq
Approx 80% complete for SRR33343288_1.fastq
Approx 80% complete for SRR33343288_2.fastq
Approx 85% complete for SRR33343288_1.fastq
Approx 85% complete for SRR33343288_2.fastq
Approx 90% complete for SRR33343288_1.fastq
Approx 90% complete for SRR33343288_2.fastq
Approx 95% complete for SRR33343288_1.fastq
Approx 95% complete for SRR33343288_2.fastq
Analysis complete for SRR33343288_1.fastq
Analysis complete for SRR33343288_2.fastq
application/gzip
application/gzip
Started analysis of SRR33343288_1_paired.fastq.gz
Started analysis of SRR33343288_2_paired.fastq.gz
Approx 5% complete for SRR33343288_1_paired.fastq.gz
Approx 5% complete for SRR33343288_2_paired.fastq.gz
Approx 10% complete for SRR33343288_1_paired.fastq.gz
Approx 10% complete for SRR33343288_2_paired.fastq.gz
Approx 15% complete for SRR33343288_1_paired.fastq.gz
Approx 15% complete for SRR33343288_2_paired.fastq.gz
Approx 20% complete for SRR33343288_1_paired.fastq.gz
Approx 20% complete for SRR33343288_2_paired.fastq.gz
Approx 25% complete for SRR33343288_1_paired.fastq.gz
Approx 25% complete for SRR33343288_2_paired.fastq.gz
Approx 30% complete for SRR33343288_1_paired.fastq.gz
Approx 30% complete for SRR33343288_2_paired.fastq.gz
Approx 35% complete for SRR33343288_1_paired.fastq.gz
Approx 35% complete for SRR33343288_2_paired.fastq.gz
Approx 40% complete for SRR33343288_1_paired.fastq.gz
Approx 40% complete for SRR33343288_2_paired.fastq.gz
Approx 45% complete for SRR33343288_1_paired.fastq.gz
Approx 45% complete for SRR33343288_2_paired.fastq.gz
Approx 50% complete for SRR33343288_1_paired.fastq.gz
Approx 50% complete for SRR33343288_2_paired.fastq.gz
Approx 55% complete for SRR33343288_1_paired.fastq.gz
Approx 55% complete for SRR33343288_2_paired.fastq.gz
Approx 60% complete for SRR33343288_1_paired.fastq.gz
Approx 60% complete for SRR33343288_2_paired.fastq.gz
Approx 65% complete for SRR33343288_1_paired.fastq.gz
Approx 65% complete for SRR33343288_2_paired.fastq.gz
Approx 70% complete for SRR33343288_1_paired.fastq.gz
Approx 70% complete for SRR33343288_2_paired.fastq.gz
Approx 75% complete for SRR33343288_1_paired.fastq.gz
Approx 75% complete for SRR33343288_2_paired.fastq.gz
Approx 80% complete for SRR33343288_1_paired.fastq.gz
Approx 80% complete for SRR33343288_2_paired.fastq.gz
Approx 85% complete for SRR33343288_1_paired.fastq.gz
Approx 85% complete for SRR33343288_2_paired.fastq.gz
Approx 90% complete for SRR33343288_1_paired.fastq.gz
Approx 90% complete for SRR33343288_2_paired.fastq.gz
Approx 95% complete for SRR33343288_1_paired.fastq.gz
Approx 95% complete for SRR33343288_2_paired.fastq.gz
Analysis complete for SRR33343288_1_paired.fastq.gz
Analysis complete for SRR33343288_2_paired.fastq.gz
------------------------------------------
Processing: SRR33343103
------------------------------------------
null
null
Started analysis of SRR33343103_1.fastq
Started analysis of SRR33343103_2.fastq
Approx 5% complete for SRR33343103_1.fastq
Approx 5% complete for SRR33343103_2.fastq
Approx 10% complete for SRR33343103_1.fastq
Approx 10% complete for SRR33343103_2.fastq
Approx 15% complete for SRR33343103_1.fastq
Approx 15% complete for SRR33343103_2.fastq
Approx 20% complete for SRR33343103_1.fastq
Approx 20% complete for SRR33343103_2.fastq
Approx 25% complete for SRR33343103_1.fastq
Approx 25% complete for SRR33343103_2.fastq
Approx 30% complete for SRR33343103_1.fastq
Approx 30% complete for SRR33343103_2.fastq
Approx 35% complete for SRR33343103_1.fastq
Approx 35% complete for SRR33343103_2.fastq
Approx 40% complete for SRR33343103_1.fastq
Approx 40% complete for SRR33343103_2.fastq
Approx 45% complete for SRR33343103_1.fastq
Approx 45% complete for SRR33343103_2.fastq
Approx 50% complete for SRR33343103_1.fastq
Approx 50% complete for SRR33343103_2.fastq
Approx 55% complete for SRR33343103_1.fastq
Approx 55% complete for SRR33343103_2.fastq
Approx 60% complete for SRR33343103_1.fastq
Approx 60% complete for SRR33343103_2.fastq
Approx 65% complete for SRR33343103_1.fastq
Approx 65% complete for SRR33343103_2.fastq
Approx 70% complete for SRR33343103_1.fastq
Approx 70% complete for SRR33343103_2.fastq
Approx 75% complete for SRR33343103_1.fastq
Approx 75% complete for SRR33343103_2.fastq
Approx 80% complete for SRR33343103_1.fastq
Approx 80% complete for SRR33343103_2.fastq
Approx 85% complete for SRR33343103_1.fastq
Approx 85% complete for SRR33343103_2.fastq
Approx 90% complete for SRR33343103_1.fastq
Approx 90% complete for SRR33343103_2.fastq
Approx 95% complete for SRR33343103_1.fastq
Approx 95% complete for SRR33343103_2.fastq
Analysis complete for SRR33343103_1.fastq
Analysis complete for SRR33343103_2.fastq
application/gzip
application/gzip
Started analysis of SRR33343103_1_paired.fastq.gz
Started analysis of SRR33343103_2_paired.fastq.gz
Approx 5% complete for SRR33343103_1_paired.fastq.gz
Approx 5% complete for SRR33343103_2_paired.fastq.gz
Approx 10% complete for SRR33343103_1_paired.fastq.gz
Approx 10% complete for SRR33343103_2_paired.fastq.gz
Approx 15% complete for SRR33343103_1_paired.fastq.gz
Approx 15% complete for SRR33343103_2_paired.fastq.gz
Approx 20% complete for SRR33343103_1_paired.fastq.gz
Approx 20% complete for SRR33343103_2_paired.fastq.gz
Approx 25% complete for SRR33343103_1_paired.fastq.gz
Approx 25% complete for SRR33343103_2_paired.fastq.gz
Approx 30% complete for SRR33343103_1_paired.fastq.gz
Approx 30% complete for SRR33343103_2_paired.fastq.gz
Approx 35% complete for SRR33343103_1_paired.fastq.gz
Approx 35% complete for SRR33343103_2_paired.fastq.gz
Approx 40% complete for SRR33343103_1_paired.fastq.gz
Approx 40% complete for SRR33343103_2_paired.fastq.gz
Approx 45% complete for SRR33343103_1_paired.fastq.gz
Approx 45% complete for SRR33343103_2_paired.fastq.gz
Approx 50% complete for SRR33343103_1_paired.fastq.gz
Approx 50% complete for SRR33343103_2_paired.fastq.gz
Approx 55% complete for SRR33343103_1_paired.fastq.gz
Approx 55% complete for SRR33343103_2_paired.fastq.gz
Approx 60% complete for SRR33343103_1_paired.fastq.gz
Approx 60% complete for SRR33343103_2_paired.fastq.gz
Approx 65% complete for SRR33343103_1_paired.fastq.gz
Approx 65% complete for SRR33343103_2_paired.fastq.gz
Approx 70% complete for SRR33343103_1_paired.fastq.gz
Approx 70% complete for SRR33343103_2_paired.fastq.gz
Approx 75% complete for SRR33343103_1_paired.fastq.gz
Approx 75% complete for SRR33343103_2_paired.fastq.gz
Approx 80% complete for SRR33343103_1_paired.fastq.gz
Approx 80% complete for SRR33343103_2_paired.fastq.gz
Approx 85% complete for SRR33343103_1_paired.fastq.gz
Approx 85% complete for SRR33343103_2_paired.fastq.gz
Approx 90% complete for SRR33343103_1_paired.fastq.gz
Approx 90% complete for SRR33343103_2_paired.fastq.gz
Approx 95% complete for SRR33343103_1_paired.fastq.gz
Approx 95% complete for SRR33343103_2_paired.fastq.gz
Analysis complete for SRR33343103_1_paired.fastq.gz
Analysis complete for SRR33343103_2_paired.fastq.gz
------------------------------------------
Processing: SRR33343215
------------------------------------------
null
null
Started analysis of SRR33343215_1.fastq
Started analysis of SRR33343215_2.fastq
Approx 5% complete for SRR33343215_1.fastq
Approx 5% complete for SRR33343215_2.fastq
Approx 10% complete for SRR33343215_1.fastq
Approx 10% complete for SRR33343215_2.fastq
Approx 15% complete for SRR33343215_1.fastq
Approx 15% complete for SRR33343215_2.fastq
Approx 20% complete for SRR33343215_1.fastq
Approx 20% complete for SRR33343215_2.fastq
Approx 25% complete for SRR33343215_1.fastq
Approx 25% complete for SRR33343215_2.fastq
Approx 30% complete for SRR33343215_1.fastq
Approx 30% complete for SRR33343215_2.fastq
Approx 35% complete for SRR33343215_1.fastq
Approx 35% complete for SRR33343215_2.fastq
Approx 40% complete for SRR33343215_1.fastq
Approx 40% complete for SRR33343215_2.fastq
Approx 45% complete for SRR33343215_1.fastq
Approx 45% complete for SRR33343215_2.fastq
Approx 50% complete for SRR33343215_1.fastq
Approx 50% complete for SRR33343215_2.fastq
Approx 55% complete for SRR33343215_1.fastq
Approx 55% complete for SRR33343215_2.fastq
Approx 60% complete for SRR33343215_1.fastq
Approx 60% complete for SRR33343215_2.fastq
Approx 65% complete for SRR33343215_1.fastq
Approx 65% complete for SRR33343215_2.fastq
Approx 70% complete for SRR33343215_1.fastq
Approx 70% complete for SRR33343215_2.fastq
Approx 75% complete for SRR33343215_1.fastq
Approx 75% complete for SRR33343215_2.fastq
Approx 80% complete for SRR33343215_1.fastq
Approx 80% complete for SRR33343215_2.fastq
Approx 85% complete for SRR33343215_1.fastq
Approx 85% complete for SRR33343215_2.fastq
Approx 90% complete for SRR33343215_1.fastq
Approx 90% complete for SRR33343215_2.fastq
Approx 95% complete for SRR33343215_1.fastq
Approx 95% complete for SRR33343215_2.fastq
Analysis complete for SRR33343215_1.fastq
Analysis complete for SRR33343215_2.fastq
Skipping SRR33343142 — already trimmed
Skipping SRR33343272 — already trimmed
Skipping SRR33343123 — already trimmed
Skipping SRR33343286 — already trimmed
Skipping SRR33343288 — already trimmed
Skipping SRR33343103 — already trimmed
Skipping SRR33343215 — already trimmed
------------------------------------------
Processing: SRR33343226
------------------------------------------
null
null
Started analysis of SRR33343226_1.fastq
Started analysis of SRR33343226_2.fastq
Approx 5% complete for SRR33343226_1.fastq
Approx 5% complete for SRR33343226_2.fastq
Approx 10% complete for SRR33343226_1.fastq
Approx 10% complete for SRR33343226_2.fastq
Approx 15% complete for SRR33343226_1.fastq
Approx 15% complete for SRR33343226_2.fastq
Approx 20% complete for SRR33343226_1.fastq
Approx 20% complete for SRR33343226_2.fastq
Approx 25% complete for SRR33343226_1.fastq
Approx 25% complete for SRR33343226_2.fastq
Approx 30% complete for SRR33343226_1.fastq
Approx 30% complete for SRR33343226_2.fastq
Approx 35% complete for SRR33343226_1.fastq
Approx 35% complete for SRR33343226_2.fastq
Approx 40% complete for SRR33343226_1.fastq
Approx 40% complete for SRR33343226_2.fastq
Approx 45% complete for SRR33343226_1.fastq
Approx 45% complete for SRR33343226_2.fastq
Approx 50% complete for SRR33343226_1.fastq
Approx 50% complete for SRR33343226_2.fastq
Approx 55% complete for SRR33343226_1.fastq
Approx 55% complete for SRR33343226_2.fastq
Approx 60% complete for SRR33343226_1.fastq
Approx 60% complete for SRR33343226_2.fastq
Approx 65% complete for SRR33343226_1.fastq
Approx 65% complete for SRR33343226_2.fastq
Approx 70% complete for SRR33343226_1.fastq
Approx 70% complete for SRR33343226_2.fastq
Approx 75% complete for SRR33343226_1.fastq
Approx 75% complete for SRR33343226_2.fastq
Approx 80% complete for SRR33343226_1.fastq
Approx 80% complete for SRR33343226_2.fastq
Approx 85% complete for SRR33343226_1.fastq
Approx 85% complete for SRR33343226_2.fastq
Approx 90% complete for SRR33343226_1.fastq
Approx 90% complete for SRR33343226_2.fastq
Approx 95% complete for SRR33343226_1.fastq
Approx 95% complete for SRR33343226_2.fastq
Analysis complete for SRR33343226_1.fastq
Analysis complete for SRR33343226_2.fastq
Removed raw FASTQs for SRR33343226
application/gzip
application/gzip
Started analysis of SRR33343226_1_paired.fastq.gz
Started analysis of SRR33343226_2_paired.fastq.gz
Approx 5% complete for SRR33343226_1_paired.fastq.gz
Approx 5% complete for SRR33343226_2_paired.fastq.gz
Approx 10% complete for SRR33343226_1_paired.fastq.gz
Approx 10% complete for SRR33343226_2_paired.fastq.gz
Approx 15% complete for SRR33343226_1_paired.fastq.gz
Approx 15% complete for SRR33343226_2_paired.fastq.gz
Approx 20% complete for SRR33343226_1_paired.fastq.gz
Approx 20% complete for SRR33343226_2_paired.fastq.gz
Approx 25% complete for SRR33343226_1_paired.fastq.gz
Approx 25% complete for SRR33343226_2_paired.fastq.gz
Approx 30% complete for SRR33343226_1_paired.fastq.gz
Approx 30% complete for SRR33343226_2_paired.fastq.gz
Approx 35% complete for SRR33343226_1_paired.fastq.gz
Approx 35% complete for SRR33343226_2_paired.fastq.gz
Approx 40% complete for SRR33343226_1_paired.fastq.gz
Approx 40% complete for SRR33343226_2_paired.fastq.gz
Approx 45% complete for SRR33343226_1_paired.fastq.gz
Approx 45% complete for SRR33343226_2_paired.fastq.gz
Approx 50% complete for SRR33343226_1_paired.fastq.gz
Approx 50% complete for SRR33343226_2_paired.fastq.gz
Approx 55% complete for SRR33343226_1_paired.fastq.gz
Approx 55% complete for SRR33343226_2_paired.fastq.gz
Approx 60% complete for SRR33343226_1_paired.fastq.gz
Approx 60% complete for SRR33343226_2_paired.fastq.gz
Approx 65% complete for SRR33343226_1_paired.fastq.gz
Approx 65% complete for SRR33343226_2_paired.fastq.gz
Approx 70% complete for SRR33343226_1_paired.fastq.gz
Approx 70% complete for SRR33343226_2_paired.fastq.gz
Approx 75% complete for SRR33343226_1_paired.fastq.gz
Approx 75% complete for SRR33343226_2_paired.fastq.gz
Approx 80% complete for SRR33343226_1_paired.fastq.gz
Approx 80% complete for SRR33343226_2_paired.fastq.gz
Approx 85% complete for SRR33343226_1_paired.fastq.gz
Approx 85% complete for SRR33343226_2_paired.fastq.gz
Approx 90% complete for SRR33343226_1_paired.fastq.gz
Approx 90% complete for SRR33343226_2_paired.fastq.gz
Approx 95% complete for SRR33343226_1_paired.fastq.gz
Approx 95% complete for SRR33343226_2_paired.fastq.gz
Analysis complete for SRR33343226_1_paired.fastq.gz
Analysis complete for SRR33343226_2_paired.fastq.gz
------------------------------------------
Processing: SRR33343122
------------------------------------------
null
null
Started analysis of SRR33343122_1.fastq
Started analysis of SRR33343122_2.fastq
Approx 5% complete for SRR33343122_1.fastq
Approx 5% complete for SRR33343122_2.fastq
Approx 10% complete for SRR33343122_1.fastq
Approx 10% complete for SRR33343122_2.fastq
Approx 15% complete for SRR33343122_1.fastq
Approx 15% complete for SRR33343122_2.fastq
Approx 20% complete for SRR33343122_1.fastq
Approx 20% complete for SRR33343122_2.fastq
Approx 25% complete for SRR33343122_1.fastq
Approx 25% complete for SRR33343122_2.fastq
Approx 30% complete for SRR33343122_1.fastq
Approx 30% complete for SRR33343122_2.fastq
Approx 35% complete for SRR33343122_1.fastq
Approx 35% complete for SRR33343122_2.fastq
Approx 40% complete for SRR33343122_1.fastq
Approx 40% complete for SRR33343122_2.fastq
Approx 45% complete for SRR33343122_1.fastq
Approx 45% complete for SRR33343122_2.fastq
Approx 50% complete for SRR33343122_1.fastq
Approx 50% complete for SRR33343122_2.fastq
Approx 55% complete for SRR33343122_1.fastq
Approx 55% complete for SRR33343122_2.fastq
Approx 60% complete for SRR33343122_1.fastq
Approx 60% complete for SRR33343122_2.fastq
Approx 65% complete for SRR33343122_1.fastq
Approx 65% complete for SRR33343122_2.fastq
Approx 70% complete for SRR33343122_1.fastq
Approx 70% complete for SRR33343122_2.fastq
Approx 75% complete for SRR33343122_1.fastq
Approx 75% complete for SRR33343122_2.fastq
Approx 80% complete for SRR33343122_1.fastq
Approx 80% complete for SRR33343122_2.fastq
Approx 85% complete for SRR33343122_1.fastq
Approx 85% complete for SRR33343122_2.fastq
Approx 90% complete for SRR33343122_1.fastq
Approx 90% complete for SRR33343122_2.fastq
Approx 95% complete for SRR33343122_1.fastq
Approx 95% complete for SRR33343122_2.fastq
Analysis complete for SRR33343122_1.fastq
Analysis complete for SRR33343122_2.fastq
Removed raw FASTQs for SRR33343122
application/gzip
application/gzip
Started analysis of SRR33343122_1_paired.fastq.gz
Started analysis of SRR33343122_2_paired.fastq.gz
Approx 5% complete for SRR33343122_1_paired.fastq.gz
Approx 5% complete for SRR33343122_2_paired.fastq.gz
Approx 10% complete for SRR33343122_1_paired.fastq.gz
Approx 10% complete for SRR33343122_2_paired.fastq.gz
Approx 15% complete for SRR33343122_1_paired.fastq.gz
Approx 15% complete for SRR33343122_2_paired.fastq.gz
Approx 20% complete for SRR33343122_1_paired.fastq.gz
Approx 20% complete for SRR33343122_2_paired.fastq.gz
Approx 25% complete for SRR33343122_1_paired.fastq.gz
Approx 25% complete for SRR33343122_2_paired.fastq.gz
Approx 30% complete for SRR33343122_1_paired.fastq.gz
Approx 30% complete for SRR33343122_2_paired.fastq.gz
Approx 35% complete for SRR33343122_1_paired.fastq.gz
Approx 35% complete for SRR33343122_2_paired.fastq.gz
Approx 40% complete for SRR33343122_1_paired.fastq.gz
Approx 40% complete for SRR33343122_2_paired.fastq.gz
Approx 45% complete for SRR33343122_1_paired.fastq.gz
Approx 45% complete for SRR33343122_2_paired.fastq.gz
Approx 50% complete for SRR33343122_1_paired.fastq.gz
Approx 50% complete for SRR33343122_2_paired.fastq.gz
Approx 55% complete for SRR33343122_1_paired.fastq.gz
Approx 55% complete for SRR33343122_2_paired.fastq.gz
Approx 60% complete for SRR33343122_1_paired.fastq.gz
Approx 60% complete for SRR33343122_2_paired.fastq.gz
Approx 65% complete for SRR33343122_1_paired.fastq.gz
Approx 65% complete for SRR33343122_2_paired.fastq.gz
Approx 70% complete for SRR33343122_1_paired.fastq.gz
Approx 70% complete for SRR33343122_2_paired.fastq.gz
Approx 75% complete for SRR33343122_1_paired.fastq.gz
Approx 75% complete for SRR33343122_2_paired.fastq.gz
Approx 80% complete for SRR33343122_1_paired.fastq.gz
Approx 80% complete for SRR33343122_2_paired.fastq.gz
Approx 85% complete for SRR33343122_1_paired.fastq.gz
Approx 85% complete for SRR33343122_2_paired.fastq.gz
Approx 90% complete for SRR33343122_1_paired.fastq.gz
Approx 90% complete for SRR33343122_2_paired.fastq.gz
Approx 95% complete for SRR33343122_1_paired.fastq.gz
Approx 95% complete for SRR33343122_2_paired.fastq.gz
Analysis complete for SRR33343122_1_paired.fastq.gz
Analysis complete for SRR33343122_2_paired.fastq.gz
------------------------------------------
Processing: SRR33343152
------------------------------------------
null
null
Started analysis of SRR33343152_1.fastq
Started analysis of SRR33343152_2.fastq
Approx 5% complete for SRR33343152_1.fastq
Approx 5% complete for SRR33343152_2.fastq
Approx 10% complete for SRR33343152_1.fastq
Approx 10% complete for SRR33343152_2.fastq
Approx 15% complete for SRR33343152_1.fastq
Approx 15% complete for SRR33343152_2.fastq
Approx 20% complete for SRR33343152_1.fastq
Approx 20% complete for SRR33343152_2.fastq
Approx 25% complete for SRR33343152_1.fastq
Approx 25% complete for SRR33343152_2.fastq
Approx 30% complete for SRR33343152_1.fastq
Approx 30% complete for SRR33343152_2.fastq
Approx 35% complete for SRR33343152_1.fastq
Approx 35% complete for SRR33343152_2.fastq
Approx 40% complete for SRR33343152_1.fastq
Approx 40% complete for SRR33343152_2.fastq
Approx 45% complete for SRR33343152_1.fastq
Approx 45% complete for SRR33343152_2.fastq
Approx 50% complete for SRR33343152_1.fastq
Approx 50% complete for SRR33343152_2.fastq
Approx 55% complete for SRR33343152_1.fastq
Approx 55% complete for SRR33343152_2.fastq
Approx 60% complete for SRR33343152_1.fastq
Approx 60% complete for SRR33343152_2.fastq
Approx 65% complete for SRR33343152_1.fastq
Approx 65% complete for SRR33343152_2.fastq
Approx 70% complete for SRR33343152_1.fastq
Approx 70% complete for SRR33343152_2.fastq
Approx 75% complete for SRR33343152_1.fastq
Approx 75% complete for SRR33343152_2.fastq
Approx 80% complete for SRR33343152_1.fastq
Approx 80% complete for SRR33343152_2.fastq
Approx 85% complete for SRR33343152_1.fastq
Approx 85% complete for SRR33343152_2.fastq
Approx 90% complete for SRR33343152_1.fastq
Approx 90% complete for SRR33343152_2.fastq
Approx 95% complete for SRR33343152_1.fastq
Approx 95% complete for SRR33343152_2.fastq
Analysis complete for SRR33343152_1.fastq
Analysis complete for SRR33343152_2.fastq
Removed raw FASTQs for SRR33343152
application/gzip
application/gzip
Started analysis of SRR33343152_1_paired.fastq.gz
Started analysis of SRR33343152_2_paired.fastq.gz
Approx 5% complete for SRR33343152_1_paired.fastq.gz
Approx 5% complete for SRR33343152_2_paired.fastq.gz
Approx 10% complete for SRR33343152_1_paired.fastq.gz
Approx 10% complete for SRR33343152_2_paired.fastq.gz
Approx 15% complete for SRR33343152_1_paired.fastq.gz
Approx 15% complete for SRR33343152_2_paired.fastq.gz
Approx 20% complete for SRR33343152_1_paired.fastq.gz
Approx 20% complete for SRR33343152_2_paired.fastq.gz
Approx 25% complete for SRR33343152_1_paired.fastq.gz
Approx 25% complete for SRR33343152_2_paired.fastq.gz
Approx 30% complete for SRR33343152_1_paired.fastq.gz
Approx 30% complete for SRR33343152_2_paired.fastq.gz
Approx 35% complete for SRR33343152_1_paired.fastq.gz
Approx 35% complete for SRR33343152_2_paired.fastq.gz
Approx 40% complete for SRR33343152_1_paired.fastq.gz
Approx 40% complete for SRR33343152_2_paired.fastq.gz
Approx 45% complete for SRR33343152_1_paired.fastq.gz
Approx 45% complete for SRR33343152_2_paired.fastq.gz
Approx 50% complete for SRR33343152_1_paired.fastq.gz
Approx 50% complete for SRR33343152_2_paired.fastq.gz
Approx 55% complete for SRR33343152_1_paired.fastq.gz
Approx 55% complete for SRR33343152_2_paired.fastq.gz
Approx 60% complete for SRR33343152_1_paired.fastq.gz
Approx 60% complete for SRR33343152_2_paired.fastq.gz
Approx 65% complete for SRR33343152_1_paired.fastq.gz
Approx 65% complete for SRR33343152_2_paired.fastq.gz
Approx 70% complete for SRR33343152_1_paired.fastq.gz
Approx 70% complete for SRR33343152_2_paired.fastq.gz
Approx 75% complete for SRR33343152_1_paired.fastq.gz
Approx 75% complete for SRR33343152_2_paired.fastq.gz
Approx 80% complete for SRR33343152_1_paired.fastq.gz
Approx 80% complete for SRR33343152_2_paired.fastq.gz
Approx 85% complete for SRR33343152_1_paired.fastq.gz
Approx 85% complete for SRR33343152_2_paired.fastq.gz
Approx 90% complete for SRR33343152_1_paired.fastq.gz
Approx 90% complete for SRR33343152_2_paired.fastq.gz
Approx 95% complete for SRR33343152_1_paired.fastq.gz
Approx 95% complete for SRR33343152_2_paired.fastq.gz
Analysis complete for SRR33343152_1_paired.fastq.gz
Analysis complete for SRR33343152_2_paired.fastq.gz
------------------------------------------
Processing: SRR33343260
------------------------------------------
null
null
Started analysis of SRR33343260_1.fastq
Started analysis of SRR33343260_2.fastq
Approx 5% complete for SRR33343260_1.fastq
Approx 5% complete for SRR33343260_2.fastq
Approx 10% complete for SRR33343260_1.fastq
Approx 10% complete for SRR33343260_2.fastq
Approx 15% complete for SRR33343260_1.fastq
Approx 15% complete for SRR33343260_2.fastq
Approx 20% complete for SRR33343260_1.fastq
Approx 20% complete for SRR33343260_2.fastq
Approx 25% complete for SRR33343260_1.fastq
Approx 25% complete for SRR33343260_2.fastq
Approx 30% complete for SRR33343260_1.fastq
Approx 30% complete for SRR33343260_2.fastq
Approx 35% complete for SRR33343260_1.fastq
Approx 35% complete for SRR33343260_2.fastq
Approx 40% complete for SRR33343260_1.fastq
Approx 40% complete for SRR33343260_2.fastq
Approx 45% complete for SRR33343260_1.fastq
Approx 45% complete for SRR33343260_2.fastq
Approx 50% complete for SRR33343260_1.fastq
Approx 50% complete for SRR33343260_2.fastq
Approx 55% complete for SRR33343260_1.fastq
Approx 55% complete for SRR33343260_2.fastq
Approx 60% complete for SRR33343260_1.fastq
Approx 60% complete for SRR33343260_2.fastq
Approx 65% complete for SRR33343260_1.fastq
Approx 65% complete for SRR33343260_2.fastq
Approx 70% complete for SRR33343260_1.fastq
Approx 70% complete for SRR33343260_2.fastq
Approx 75% complete for SRR33343260_1.fastq
Approx 75% complete for SRR33343260_2.fastq
Approx 80% complete for SRR33343260_1.fastq
Approx 80% complete for SRR33343260_2.fastq
Approx 85% complete for SRR33343260_1.fastq
Approx 85% complete for SRR33343260_2.fastq
Approx 90% complete for SRR33343260_1.fastq
Approx 90% complete for SRR33343260_2.fastq
Approx 95% complete for SRR33343260_1.fastq
Approx 95% complete for SRR33343260_2.fastq
Analysis complete for SRR33343260_1.fastq
Analysis complete for SRR33343260_2.fastq
Removed raw FASTQs for SRR33343260
application/gzip
application/gzip
Started analysis of SRR33343260_1_paired.fastq.gz
Started analysis of SRR33343260_2_paired.fastq.gz
Approx 5% complete for SRR33343260_1_paired.fastq.gz
Approx 5% complete for SRR33343260_2_paired.fastq.gz
Approx 10% complete for SRR33343260_1_paired.fastq.gz
Approx 10% complete for SRR33343260_2_paired.fastq.gz
Approx 15% complete for SRR33343260_1_paired.fastq.gz
Approx 15% complete for SRR33343260_2_paired.fastq.gz
Approx 20% complete for SRR33343260_1_paired.fastq.gz
Approx 20% complete for SRR33343260_2_paired.fastq.gz
Approx 25% complete for SRR33343260_1_paired.fastq.gz
Approx 25% complete for SRR33343260_2_paired.fastq.gz
Approx 30% complete for SRR33343260_1_paired.fastq.gz
Approx 30% complete for SRR33343260_2_paired.fastq.gz
Approx 35% complete for SRR33343260_1_paired.fastq.gz
Approx 35% complete for SRR33343260_2_paired.fastq.gz
Approx 40% complete for SRR33343260_1_paired.fastq.gz
Approx 40% complete for SRR33343260_2_paired.fastq.gz
Approx 45% complete for SRR33343260_1_paired.fastq.gz
Approx 45% complete for SRR33343260_2_paired.fastq.gz
Approx 50% complete for SRR33343260_1_paired.fastq.gz
Approx 50% complete for SRR33343260_2_paired.fastq.gz
Approx 55% complete for SRR33343260_1_paired.fastq.gz
Approx 55% complete for SRR33343260_2_paired.fastq.gz
Approx 60% complete for SRR33343260_1_paired.fastq.gz
Approx 60% complete for SRR33343260_2_paired.fastq.gz
Approx 65% complete for SRR33343260_1_paired.fastq.gz
Approx 65% complete for SRR33343260_2_paired.fastq.gz
Approx 70% complete for SRR33343260_1_paired.fastq.gz
Approx 70% complete for SRR33343260_2_paired.fastq.gz
Approx 75% complete for SRR33343260_1_paired.fastq.gz
Approx 75% complete for SRR33343260_2_paired.fastq.gz
Approx 80% complete for SRR33343260_1_paired.fastq.gz
Approx 80% complete for SRR33343260_2_paired.fastq.gz
Approx 85% complete for SRR33343260_1_paired.fastq.gz
Approx 85% complete for SRR33343260_2_paired.fastq.gz
Approx 90% complete for SRR33343260_1_paired.fastq.gz
Approx 90% complete for SRR33343260_2_paired.fastq.gz
Approx 95% complete for SRR33343260_1_paired.fastq.gz
Approx 95% complete for SRR33343260_2_paired.fastq.gz
Analysis complete for SRR33343260_1_paired.fastq.gz
Approx 100% complete for SRR33343260_2_paired.fastq.gz
Analysis complete for SRR33343260_2_paired.fastq.gz
------------------------------------------
Processing: SRR33343120
------------------------------------------
null
null
Started analysis of SRR33343120_1.fastq
Started analysis of SRR33343120_2.fastq
Approx 5% complete for SRR33343120_1.fastq
Approx 5% complete for SRR33343120_2.fastq
Approx 10% complete for SRR33343120_1.fastq
Approx 10% complete for SRR33343120_2.fastq
Approx 15% complete for SRR33343120_1.fastq
Approx 15% complete for SRR33343120_2.fastq
Approx 20% complete for SRR33343120_1.fastq
Approx 20% complete for SRR33343120_2.fastq
Approx 25% complete for SRR33343120_1.fastq
Approx 25% complete for SRR33343120_2.fastq
Approx 30% complete for SRR33343120_1.fastq
Approx 30% complete for SRR33343120_2.fastq
Approx 35% complete for SRR33343120_1.fastq
Approx 35% complete for SRR33343120_2.fastq
Approx 40% complete for SRR33343120_1.fastq
Approx 40% complete for SRR33343120_2.fastq
Approx 45% complete for SRR33343120_1.fastq
Approx 45% complete for SRR33343120_2.fastq
Approx 50% complete for SRR33343120_1.fastq
Approx 50% complete for SRR33343120_2.fastq
Approx 55% complete for SRR33343120_1.fastq
Approx 55% complete for SRR33343120_2.fastq
Approx 60% complete for SRR33343120_1.fastq
Approx 60% complete for SRR33343120_2.fastq
Approx 65% complete for SRR33343120_1.fastq
Approx 65% complete for SRR33343120_2.fastq
Approx 70% complete for SRR33343120_1.fastq
Approx 70% complete for SRR33343120_2.fastq
Approx 75% complete for SRR33343120_1.fastq
Approx 75% complete for SRR33343120_2.fastq
Approx 80% complete for SRR33343120_1.fastq
Approx 80% complete for SRR33343120_2.fastq
Approx 85% complete for SRR33343120_1.fastq
Approx 85% complete for SRR33343120_2.fastq
Approx 90% complete for SRR33343120_1.fastq
Approx 90% complete for SRR33343120_2.fastq
Approx 95% complete for SRR33343120_1.fastq
Approx 95% complete for SRR33343120_2.fastq
Analysis complete for SRR33343120_1.fastq
Analysis complete for SRR33343120_2.fastq
Removed raw FASTQs for SRR33343120
application/gzip
application/gzip
Started analysis of SRR33343120_1_paired.fastq.gz
Started analysis of SRR33343120_2_paired.fastq.gz
Approx 5% complete for SRR33343120_1_paired.fastq.gz
Approx 5% complete for SRR33343120_2_paired.fastq.gz
Approx 10% complete for SRR33343120_1_paired.fastq.gz
Approx 10% complete for SRR33343120_2_paired.fastq.gz
Approx 15% complete for SRR33343120_1_paired.fastq.gz
Approx 15% complete for SRR33343120_2_paired.fastq.gz
Approx 20% complete for SRR33343120_1_paired.fastq.gz
Approx 20% complete for SRR33343120_2_paired.fastq.gz
Approx 25% complete for SRR33343120_1_paired.fastq.gz
Approx 25% complete for SRR33343120_2_paired.fastq.gz
Approx 30% complete for SRR33343120_1_paired.fastq.gz
Approx 30% complete for SRR33343120_2_paired.fastq.gz
Approx 35% complete for SRR33343120_1_paired.fastq.gz
Approx 35% complete for SRR33343120_2_paired.fastq.gz
Approx 40% complete for SRR33343120_1_paired.fastq.gz
Approx 40% complete for SRR33343120_2_paired.fastq.gz
Approx 45% complete for SRR33343120_1_paired.fastq.gz
Approx 45% complete for SRR33343120_2_paired.fastq.gz
Approx 50% complete for SRR33343120_1_paired.fastq.gz
Approx 50% complete for SRR33343120_2_paired.fastq.gz
Approx 55% complete for SRR33343120_1_paired.fastq.gz
Approx 55% complete for SRR33343120_2_paired.fastq.gz
Approx 60% complete for SRR33343120_1_paired.fastq.gz
Approx 60% complete for SRR33343120_2_paired.fastq.gz
Approx 65% complete for SRR33343120_1_paired.fastq.gz
Approx 65% complete for SRR33343120_2_paired.fastq.gz
Approx 70% complete for SRR33343120_1_paired.fastq.gz
Approx 70% complete for SRR33343120_2_paired.fastq.gz
Approx 75% complete for SRR33343120_1_paired.fastq.gz
Approx 75% complete for SRR33343120_2_paired.fastq.gz
Approx 80% complete for SRR33343120_1_paired.fastq.gz
Approx 80% complete for SRR33343120_2_paired.fastq.gz
Approx 85% complete for SRR33343120_1_paired.fastq.gz
Approx 85% complete for SRR33343120_2_paired.fastq.gz
Approx 90% complete for SRR33343120_1_paired.fastq.gz
Approx 90% complete for SRR33343120_2_paired.fastq.gz
Approx 95% complete for SRR33343120_1_paired.fastq.gz
Approx 95% complete for SRR33343120_2_paired.fastq.gz
Analysis complete for SRR33343120_1_paired.fastq.gz
Analysis complete for SRR33343120_2_paired.fastq.gz
------------------------------------------
Processing: SRR33343081
------------------------------------------
null
null
Started analysis of SRR33343081_1.fastq
Started analysis of SRR33343081_2.fastq
Approx 5% complete for SRR33343081_1.fastq
Approx 5% complete for SRR33343081_2.fastq
Approx 10% complete for SRR33343081_1.fastq
Approx 10% complete for SRR33343081_2.fastq
Approx 15% complete for SRR33343081_1.fastq
Approx 15% complete for SRR33343081_2.fastq
Approx 20% complete for SRR33343081_1.fastq
Approx 20% complete for SRR33343081_2.fastq
Approx 25% complete for SRR33343081_1.fastq
Approx 25% complete for SRR33343081_2.fastq
Approx 30% complete for SRR33343081_1.fastq
Approx 30% complete for SRR33343081_2.fastq
Approx 35% complete for SRR33343081_1.fastq
Approx 35% complete for SRR33343081_2.fastq
Approx 40% complete for SRR33343081_1.fastq
Approx 40% complete for SRR33343081_2.fastq
Approx 45% complete for SRR33343081_1.fastq
Approx 45% complete for SRR33343081_2.fastq
Approx 50% complete for SRR33343081_1.fastq
Approx 50% complete for SRR33343081_2.fastq
Approx 55% complete for SRR33343081_1.fastq
Approx 55% complete for SRR33343081_2.fastq
Approx 60% complete for SRR33343081_1.fastq
Approx 60% complete for SRR33343081_2.fastq
Approx 65% complete for SRR33343081_1.fastq
Approx 65% complete for SRR33343081_2.fastq
Approx 70% complete for SRR33343081_1.fastq
Approx 70% complete for SRR33343081_2.fastq
Approx 75% complete for SRR33343081_1.fastq
Approx 75% complete for SRR33343081_2.fastq
Approx 80% complete for SRR33343081_1.fastq
Approx 80% complete for SRR33343081_2.fastq
Approx 85% complete for SRR33343081_1.fastq
Approx 85% complete for SRR33343081_2.fastq
Approx 90% complete for SRR33343081_1.fastq
Approx 90% complete for SRR33343081_2.fastq
Approx 95% complete for SRR33343081_1.fastq
Approx 95% complete for SRR33343081_2.fastq
Analysis complete for SRR33343081_1.fastq
Analysis complete for SRR33343081_2.fastq
Removed raw FASTQs for SRR33343081
application/gzip
application/gzip
Started analysis of SRR33343081_1_paired.fastq.gz
Started analysis of SRR33343081_2_paired.fastq.gz
Approx 5% complete for SRR33343081_1_paired.fastq.gz
Approx 5% complete for SRR33343081_2_paired.fastq.gz
Approx 10% complete for SRR33343081_1_paired.fastq.gz
Approx 10% complete for SRR33343081_2_paired.fastq.gz
Approx 15% complete for SRR33343081_1_paired.fastq.gz
Approx 15% complete for SRR33343081_2_paired.fastq.gz
Approx 20% complete for SRR33343081_1_paired.fastq.gz
Approx 20% complete for SRR33343081_2_paired.fastq.gz
Approx 25% complete for SRR33343081_1_paired.fastq.gz
Approx 25% complete for SRR33343081_2_paired.fastq.gz
Approx 30% complete for SRR33343081_1_paired.fastq.gz
Approx 30% complete for SRR33343081_2_paired.fastq.gz
Approx 35% complete for SRR33343081_1_paired.fastq.gz
Approx 35% complete for SRR33343081_2_paired.fastq.gz
Approx 40% complete for SRR33343081_1_paired.fastq.gz
Approx 40% complete for SRR33343081_2_paired.fastq.gz
Approx 45% complete for SRR33343081_1_paired.fastq.gz
Approx 45% complete for SRR33343081_2_paired.fastq.gz
Approx 50% complete for SRR33343081_1_paired.fastq.gz
Approx 50% complete for SRR33343081_2_paired.fastq.gz
Approx 55% complete for SRR33343081_1_paired.fastq.gz
Approx 55% complete for SRR33343081_2_paired.fastq.gz
Approx 60% complete for SRR33343081_1_paired.fastq.gz
Approx 60% complete for SRR33343081_2_paired.fastq.gz
Approx 65% complete for SRR33343081_1_paired.fastq.gz
Approx 65% complete for SRR33343081_2_paired.fastq.gz
Approx 70% complete for SRR33343081_1_paired.fastq.gz
Approx 70% complete for SRR33343081_2_paired.fastq.gz
Approx 75% complete for SRR33343081_1_paired.fastq.gz
Approx 75% complete for SRR33343081_2_paired.fastq.gz
Approx 80% complete for SRR33343081_1_paired.fastq.gz
Approx 80% complete for SRR33343081_2_paired.fastq.gz
Approx 85% complete for SRR33343081_1_paired.fastq.gz
Approx 85% complete for SRR33343081_2_paired.fastq.gz
Approx 90% complete for SRR33343081_1_paired.fastq.gz
Approx 90% complete for SRR33343081_2_paired.fastq.gz
Approx 95% complete for SRR33343081_1_paired.fastq.gz
Approx 95% complete for SRR33343081_2_paired.fastq.gz
Analysis complete for SRR33343081_1_paired.fastq.gz
Analysis complete for SRR33343081_2_paired.fastq.gz
------------------------------------------
Processing: SRR33394873
------------------------------------------
null
null
Started analysis of SRR33394873_1.fastq
Started analysis of SRR33394873_2.fastq
Approx 5% complete for SRR33394873_1.fastq
Approx 5% complete for SRR33394873_2.fastq
Approx 10% complete for SRR33394873_1.fastq
Approx 10% complete for SRR33394873_2.fastq
Approx 15% complete for SRR33394873_1.fastq
Approx 15% complete for SRR33394873_2.fastq
Approx 20% complete for SRR33394873_1.fastq
Approx 20% complete for SRR33394873_2.fastq
Approx 25% complete for SRR33394873_1.fastq
Approx 25% complete for SRR33394873_2.fastq
Approx 30% complete for SRR33394873_1.fastq
Approx 30% complete for SRR33394873_2.fastq
Approx 35% complete for SRR33394873_1.fastq
Approx 35% complete for SRR33394873_2.fastq
Approx 40% complete for SRR33394873_1.fastq
Approx 40% complete for SRR33394873_2.fastq
Approx 45% complete for SRR33394873_1.fastq
Approx 45% complete for SRR33394873_2.fastq
Approx 50% complete for SRR33394873_1.fastq
Approx 50% complete for SRR33394873_2.fastq
Approx 55% complete for SRR33394873_1.fastq
Approx 55% complete for SRR33394873_2.fastq
Approx 60% complete for SRR33394873_1.fastq
Approx 60% complete for SRR33394873_2.fastq
Approx 65% complete for SRR33394873_1.fastq
Approx 65% complete for SRR33394873_2.fastq
Approx 70% complete for SRR33394873_1.fastq
Approx 70% complete for SRR33394873_2.fastq
Approx 75% complete for SRR33394873_1.fastq
Approx 75% complete for SRR33394873_2.fastq
Approx 80% complete for SRR33394873_1.fastq
Approx 80% complete for SRR33394873_2.fastq
Approx 85% complete for SRR33394873_1.fastq
Approx 85% complete for SRR33394873_2.fastq
Approx 90% complete for SRR33394873_1.fastq
Approx 90% complete for SRR33394873_2.fastq
Approx 95% complete for SRR33394873_1.fastq
Approx 95% complete for SRR33394873_2.fastq
Analysis complete for SRR33394873_1.fastq
Analysis complete for SRR33394873_2.fastq
Removed raw FASTQs for SRR33394873
application/gzip
application/gzip
Started analysis of SRR33394873_1_paired.fastq.gz
Started analysis of SRR33394873_2_paired.fastq.gz
Approx 5% complete for SRR33394873_1_paired.fastq.gz
Approx 5% complete for SRR33394873_2_paired.fastq.gz
Approx 10% complete for SRR33394873_1_paired.fastq.gz
Approx 10% complete for SRR33394873_2_paired.fastq.gz
Approx 15% complete for SRR33394873_1_paired.fastq.gz
Approx 15% complete for SRR33394873_2_paired.fastq.gz
Approx 20% complete for SRR33394873_1_paired.fastq.gz
Approx 20% complete for SRR33394873_2_paired.fastq.gz
Approx 25% complete for SRR33394873_1_paired.fastq.gz
Approx 25% complete for SRR33394873_2_paired.fastq.gz
Approx 30% complete for SRR33394873_1_paired.fastq.gz
Approx 30% complete for SRR33394873_2_paired.fastq.gz
Approx 35% complete for SRR33394873_1_paired.fastq.gz
Approx 35% complete for SRR33394873_2_paired.fastq.gz
Approx 40% complete for SRR33394873_1_paired.fastq.gz
Approx 40% complete for SRR33394873_2_paired.fastq.gz
Approx 45% complete for SRR33394873_1_paired.fastq.gz
Approx 45% complete for SRR33394873_2_paired.fastq.gz
Approx 50% complete for SRR33394873_1_paired.fastq.gz
Approx 50% complete for SRR33394873_2_paired.fastq.gz
Approx 55% complete for SRR33394873_1_paired.fastq.gz
Approx 55% complete for SRR33394873_2_paired.fastq.gz
Approx 60% complete for SRR33394873_1_paired.fastq.gz
Approx 60% complete for SRR33394873_2_paired.fastq.gz
Approx 65% complete for SRR33394873_1_paired.fastq.gz
Approx 65% complete for SRR33394873_2_paired.fastq.gz
Approx 70% complete for SRR33394873_1_paired.fastq.gz
Approx 70% complete for SRR33394873_2_paired.fastq.gz
Approx 75% complete for SRR33394873_1_paired.fastq.gz
Approx 75% complete for SRR33394873_2_paired.fastq.gz
Approx 80% complete for SRR33394873_1_paired.fastq.gz
Approx 80% complete for SRR33394873_2_paired.fastq.gz
Approx 85% complete for SRR33394873_1_paired.fastq.gz
Approx 85% complete for SRR33394873_2_paired.fastq.gz
Approx 90% complete for SRR33394873_1_paired.fastq.gz
Approx 90% complete for SRR33394873_2_paired.fastq.gz
Approx 95% complete for SRR33394873_1_paired.fastq.gz
Approx 95% complete for SRR33394873_2_paired.fastq.gz
Analysis complete for SRR33394873_1_paired.fastq.gz
Analysis complete for SRR33394873_2_paired.fastq.gz
------------------------------------------
Processing: SRR33343268
------------------------------------------
null
null
Started analysis of SRR33343268_1.fastq
Started analysis of SRR33343268_2.fastq
Approx 5% complete for SRR33343268_1.fastq
Approx 5% complete for SRR33343268_2.fastq
Approx 10% complete for SRR33343268_1.fastq
Approx 10% complete for SRR33343268_2.fastq
Approx 15% complete for SRR33343268_1.fastq
Approx 15% complete for SRR33343268_2.fastq
Approx 20% complete for SRR33343268_1.fastq
Approx 20% complete for SRR33343268_2.fastq
Approx 25% complete for SRR33343268_1.fastq
Approx 25% complete for SRR33343268_2.fastq
Approx 30% complete for SRR33343268_1.fastq
Approx 30% complete for SRR33343268_2.fastq
Approx 35% complete for SRR33343268_2.fastq
Approx 35% complete for SRR33343268_1.fastq
Approx 40% complete for SRR33343268_1.fastq
Approx 40% complete for SRR33343268_2.fastq
Approx 45% complete for SRR33343268_1.fastq
Approx 45% complete for SRR33343268_2.fastq
Approx 50% complete for SRR33343268_1.fastq
Approx 50% complete for SRR33343268_2.fastq
Approx 55% complete for SRR33343268_1.fastq
Approx 55% complete for SRR33343268_2.fastq
Approx 60% complete for SRR33343268_1.fastq
Approx 60% complete for SRR33343268_2.fastq
Approx 65% complete for SRR33343268_1.fastq
Approx 65% complete for SRR33343268_2.fastq
Approx 70% complete for SRR33343268_1.fastq
Approx 70% complete for SRR33343268_2.fastq
Approx 75% complete for SRR33343268_1.fastq
Approx 75% complete for SRR33343268_2.fastq
Approx 80% complete for SRR33343268_1.fastq
Approx 80% complete for SRR33343268_2.fastq
Approx 85% complete for SRR33343268_1.fastq
Approx 85% complete for SRR33343268_2.fastq
Approx 90% complete for SRR33343268_1.fastq
Approx 90% complete for SRR33343268_2.fastq
Approx 95% complete for SRR33343268_1.fastq
Approx 95% complete for SRR33343268_2.fastq
Analysis complete for SRR33343268_1.fastq
Analysis complete for SRR33343268_2.fastq
Removed raw FASTQs for SRR33343268
application/gzip
application/gzip
Started analysis of SRR33343268_1_paired.fastq.gz
Started analysis of SRR33343268_2_paired.fastq.gz
Approx 5% complete for SRR33343268_1_paired.fastq.gz
Approx 5% complete for SRR33343268_2_paired.fastq.gz
Approx 10% complete for SRR33343268_1_paired.fastq.gz
Approx 10% complete for SRR33343268_2_paired.fastq.gz
Approx 15% complete for SRR33343268_1_paired.fastq.gz
Approx 15% complete for SRR33343268_2_paired.fastq.gz
Approx 20% complete for SRR33343268_1_paired.fastq.gz
Approx 20% complete for SRR33343268_2_paired.fastq.gz
Approx 25% complete for SRR33343268_1_paired.fastq.gz
Approx 25% complete for SRR33343268_2_paired.fastq.gz
Approx 30% complete for SRR33343268_1_paired.fastq.gz
Approx 30% complete for SRR33343268_2_paired.fastq.gz
Approx 35% complete for SRR33343268_1_paired.fastq.gz
Approx 35% complete for SRR33343268_2_paired.fastq.gz
Approx 40% complete for SRR33343268_1_paired.fastq.gz
Approx 40% complete for SRR33343268_2_paired.fastq.gz
Approx 45% complete for SRR33343268_1_paired.fastq.gz
Approx 45% complete for SRR33343268_2_paired.fastq.gz
Approx 50% complete for SRR33343268_1_paired.fastq.gz
Approx 50% complete for SRR33343268_2_paired.fastq.gz
Approx 55% complete for SRR33343268_1_paired.fastq.gz
Approx 55% complete for SRR33343268_2_paired.fastq.gz
Approx 60% complete for SRR33343268_1_paired.fastq.gz
Approx 60% complete for SRR33343268_2_paired.fastq.gz
Approx 65% complete for SRR33343268_1_paired.fastq.gz
Approx 65% complete for SRR33343268_2_paired.fastq.gz
Approx 70% complete for SRR33343268_1_paired.fastq.gz
Approx 70% complete for SRR33343268_2_paired.fastq.gz
Approx 75% complete for SRR33343268_1_paired.fastq.gz
Approx 75% complete for SRR33343268_2_paired.fastq.gz
Approx 80% complete for SRR33343268_1_paired.fastq.gz
Approx 80% complete for SRR33343268_2_paired.fastq.gz
Approx 85% complete for SRR33343268_1_paired.fastq.gz
Approx 85% complete for SRR33343268_2_paired.fastq.gz
Approx 90% complete for SRR33343268_1_paired.fastq.gz
Approx 90% complete for SRR33343268_2_paired.fastq.gz
Approx 95% complete for SRR33343268_1_paired.fastq.gz
Approx 95% complete for SRR33343268_2_paired.fastq.gz
Analysis complete for SRR33343268_1_paired.fastq.gz
Analysis complete for SRR33343268_2_paired.fastq.gz
